--------------------------------------------------------------------------------------
Timing Analyzer Summary
--------------------------------------------------------------------------------------

Type           : Worst-case tco
Slack          : N/A
Required Time  : None
Actual Time    : 38.163 ns
From           : CACHE:inst31|SET:inst53|ROW:inst|inst8
To             : cache_out[1]
From Clock     : clk
To Clock       : --
Failed Paths   : 0

Type           : Worst-case tpd
Slack          : N/A
Required Time  : None
Actual Time    : 5.914 ns
From           : clk
To             : cb[27]
From Clock     : --
To Clock       : --
Failed Paths   : 0

Type           : Clock Setup: 'clk'
Slack          : -12.518 ns
Required Time  : 50.00 MHz ( period = 20.000 ns )
Actual Time    : 30.75 MHz ( period = 32.518 ns )
From           : CACHE:inst31|SET:inst53|LRU:inst17|lpm_dff1:inst22|lpm_ff:lpm_ff_component|dffs[0]~DUPLICATE
To             : CACHE:inst31|SET:inst53|LRU:inst17|lpm_counter3:inst16|lpm_counter:lpm_counter_component|cntr_8ek:auto_generated|safe_q[1]
From Clock     : clk
To Clock       : clk
Failed Paths   : 35444

Type           : Clock Hold: 'clk'
Slack          : -29.488 ns
Required Time  : 50.00 MHz ( period = 20.000 ns )
Actual Time    : N/A
From           : CACHE:inst31|SET:inst53|LRU:inst17|lpm_counter3:inst16|lpm_counter:lpm_counter_component|cntr_8ek:auto_generated|safe_q[0]
To             : CACHE:inst31|SET:inst53|LRU:inst17|lpm_dff1:inst22|lpm_ff:lpm_ff_component|dffs[0]
From Clock     : clk
To Clock       : clk
Failed Paths   : 93132

Type           : Total number of failed paths
Slack          : 
Required Time  : 
Actual Time    : 
From           : 
To             : 
From Clock     : 
To Clock       : 
Failed Paths   : 128576

--------------------------------------------------------------------------------------

